Microchip MPLAB XC8 Compiler V1.45 ()

Linker command line:

-W-3 --edf=/opt/microchip/xc8/v1.45/dat/en_msgs.txt -cs \
  -h+dist/default/production/mist.X.production.sym \
  --cmf=dist/default/production/mist.X.production.cmf -z -Q18F1320 \
  -o/tmp/xcX1zv9VT -Mdist/default/production/mist.X.production.map -E1 \
  -ver=XC8 -ASTACK=0E5h-0ffh -pstack=STACK -ACODE=00h-01FFFh \
  -ACONST=00h-01FFFh -ASMALLCONST=0100h-01FFhx31 -AMEDIUMCONST=0100h-01FFFh \
  -ACOMRAM=01h-07Fh -AABS1=00h-0FFh -ABIGRAM=01h-0FFh -ARAM=080h-0FFh \
  -ABANK0=080h-0FFh -ASFR=0F80h-0FFFh \
  -preset_vec=00h,intcode=08h,intcodelo=018h,powerup,init -pramtop=0100h \
  -psmallconst=SMALLCONST -pmediumconst=MEDIUMCONST -pconst=CONST \
  -AFARRAM=00h-00h -ACONFIG=0300000h-030000Dh -pconfig=CONFIG \
  -AIDLOC=0200000h-0200007h -pidloc=IDLOC -AEEDATA=0F00000h-0F000FFh \
  -peeprom_data=EEDATA \
  -prdata=COMRAM,nvrram=COMRAM,nvbit=COMRAM,rbss=COMRAM,rbit=COMRAM \
  -pfarbss=FARRAM,fardata=FARRAM,nvFARRAM=FARRAM \
  -pintsave_regs=BIGRAM,bigbss=BIGRAM,bigdata=BIGRAM -pbss=RAM \
  -pidata=CODE,irdata=CODE,ibigdata=CODE,ifardata=CODE -prparam=COMRAM \
  /tmp/xcXDff4T4.obj dist/default/production/mist.X.production.obj 

Object code version is 3.11

Machine type is 18F1320

Call graph: (short form)




                Name                               Link     Load   Length Selector   Space Scale
/tmp/xcXDff4T4.obj
                init                                 C6       C6        4        C       0
                reset_vec                             0        0        6        0       0
                idloc                            200000   200000        8   200000       0
                config                           300000   300000        E   300000       0
dist/default/production/mist.X.production.obj
                intcodelo                            18       18       AE        C       0
                intcode                               8        8        6        4       0
                temp                                 60       60        1        1       1
                smallconst                          100      100       E4       80       0
                text14                              990      990       42       F2       0
                text13                              8B6      8B6       52       F2       0
                text12                              94E      94E       42       F2       0
                text11                              A50      A50       3E       F2       0
                text10                              748      748       FA       F2       0
                text9                               AFA      AFA       14       F2       0
                text8                               ABA      ABA       2A       F2       0
                intcode_body                        1E4      1E4      564       F2       0
                text5                               908      908       46       F2       0
                text4                               B0E      B0E       10       F2       0
                text3                               AE4      AE4       16       F2       0
                text2                               9D2      9D2       40       F2       0
                text1                               A8E      A8E       2C       F2       0
                text0                               842      842       74       F2       0
                cstackCOMRAM                         3B       3B       23        1       1
                cstackBANK0                          C8       C8       1D       80       1
                bssBANK0                             80       80       48       80       1
                dataCOMRAM                           5E       5E        2        1       1
                bssCOMRAM                             1        1       3A        1       1
                cinit                               A12      A12       3E       F2       0
                idataCOMRAM                         B1E      B1E        2       F2       0

TOTAL           Name                               Link     Load   Length     Space
        CLASS   STACK          

        CLASS   CODE           
                intcodelo                            18       18       AE         0
                intcode                               8        8        6         0
                init                                 C6       C6        4         0
                reset_vec                             0        0        6         0
                text14                              990      990       42         0
                text13                              8B6      8B6       52         0
                text12                              94E      94E       42         0
                text11                              A50      A50       3E         0
                text10                              748      748       FA         0
                text9                               AFA      AFA       14         0
                text8                               ABA      ABA       2A         0
                intcode_body                        1E4      1E4      564         0
                text5                               908      908       46         0
                text4                               B0E      B0E       10         0
                text3                               AE4      AE4       16         0
                text2                               9D2      9D2       40         0
                text1                               A8E      A8E       2C         0
                text0                               842      842       74         0
                cinit                               A12      A12       3E         0
                idataCOMRAM                         B1E      B1E        2         0

        CLASS   CONST          

        CLASS   SMALLCONST     
                smallconst                          100      100       E4         0

        CLASS   MEDIUMCONST    

        CLASS   COMRAM         
                temp                                 60       60        1         1
                cstackCOMRAM                         3B       3B       23         1
                dataCOMRAM                           5E       5E        2         1
                bssCOMRAM                             1        1       3A         1

        CLASS   ABS1           

        CLASS   BIGRAM         

        CLASS   RAM            

        CLASS   BANK0          
                cstackBANK0                          C8       C8       1D         1
                bssBANK0                             80       80       48         1

        CLASS   SFR            

        CLASS   FARRAM         

        CLASS   CONFIG         
                config                           300000   300000        E         0

        CLASS   IDLOC          
                idloc                            200000   200000        8         0

        CLASS   EEDATA         



SEGMENTS        Name                           Load    Length   Top    Selector   Space  Class

                reset_vec                      000000  000006  000006         0       0  CODE    
                bssCOMRAM                      000001  000060  000061         1       1  COMRAM  
                intcode                        000008  000006  00000E         4       0  CODE    
                intcodelo                      000018  0000B2  0000CA         C       0  CODE    
                bssBANK0                       000080  000065  0000E5        80       1  BANK0   
                smallconst                     000100  0000E4  0001E4        80       0  SMALLCON
                intcode_body                   0001E4  00093C  000B20        F2       0  CODE    
                idloc                          200000  000008  200008    200000       0  IDLOC   
                config                         300000  00000E  30000E    300000       0  CONFIG  


UNUSED ADDRESS RANGES

        Name                Unused          Largest block    Delta
        BANK0            0000E5-0000FF               1B
        BIGRAM           000061-00007F               1F
                         0000E5-0000FF               1B
        CODE             000006-000007                2
                         00000E-000017                A
                         0000CA-0000FF               36
                         000B20-001FFF             14E0
        COMRAM           000061-00007F               1F
        CONST            000006-000007                2
                         00000E-000017                A
                         0000CA-0000FF               36
                         000B20-001FFF             14E0
        EEDATA           F00000-F000FF              100
        MEDIUMCONST      000B20-001FFF             14E0
        RAM              0000E5-0000FF               1B
        SFR              000F80-000FFF               80
        SMALLCONST       000B20-001FFF              100
        STACK            0000E5-0000FF               1B

                                  Symbol Table

?___lwdiv                      cstackCOMRAM 00003B
?___lwmod                      cstackCOMRAM 000042
_ADCON0                        (abs)        000FC2
_ADCON0bits                    (abs)        000FC2
_ADCON1                        (abs)        000FC1
_ADCON2                        (abs)        000FC0
_ADRESH                        (abs)        000FC4
_BAUDCTL                       (abs)        000FAA
_INTCONbits                    (abs)        000FF2
_LATAbits                      (abs)        000F89
_LATBbits                      (abs)        000F8A
_OSCCON                        (abs)        000FD3
_PIE1bits                      (abs)        000F9D
_PIR1bits                      (abs)        000F9E
_RCREG                         (abs)        000FAE
_RCSTA                         (abs)        000FAB
_RCSTAbits                     (abs)        000FAB
_SPBRG                         (abs)        000FAF
_T0CON                         (abs)        000FD5
_TMR0                          (abs)        000FD6
_TRISAbits                     (abs)        000F92
_TRISBbits                     (abs)        000F93
_TXREG                         (abs)        000FAD
_TXSTA                         (abs)        000FAC
__CFG_BOR$ON                   (abs)        000000
__CFG_CP0$OFF                  (abs)        000000
__CFG_CP1$OFF                  (abs)        000000
__CFG_CPB$OFF                  (abs)        000000
__CFG_CPD$OFF                  (abs)        000000
__CFG_EBTR0$OFF                (abs)        000000
__CFG_EBTR1$OFF                (abs)        000000
__CFG_EBTRB$OFF                (abs)        000000
__CFG_FSCM$ON                  (abs)        000000
__CFG_IESO$ON                  (abs)        000000
__CFG_LVP$OFF                  (abs)        000000
__CFG_MCLRE$ON                 (abs)        000000
__CFG_OSC$INTIO2               (abs)        000000
__CFG_PWRT$ON                  (abs)        000000
__CFG_STVR$ON                  (abs)        000000
__CFG_WDT$ON                   (abs)        000000
__CFG_WDTPS$32768              (abs)        000000
__CFG_WRT0$OFF                 (abs)        000000
__CFG_WRT1$OFF                 (abs)        000000
__CFG_WRTB$OFF                 (abs)        000000
__CFG_WRTC$OFF                 (abs)        000000
__CFG_WRTD$OFF                 (abs)        000000
__HRAM                         (abs)        000000
__Habs1                        abs1         000000
__Hbank0                       bank0        000000
__Hbigbss                      bigbss       000000
__Hbigdata                     bigdata      000000
__Hbigram                      bigram       000000
__Hbss                         bss          000000
__HbssBANK0                    bssBANK0     000000
__HbssCOMRAM                   bssCOMRAM    000000
__Hcinit                       cinit        000000
__Hclrtext                     clrtext      000000
__Hcomram                      comram       000000
__Hconfig                      config       30000E
__Hconst                       const        000000
__HcstackBANK0                 cstackBANK0  000000
__HcstackCOMRAM                cstackCOMRAM 000000
__Hdata                        data         000000
__HdataCOMRAM                  dataCOMRAM   000000
__Heeprom_data                 eeprom_data  000000
__Hfarbss                      farbss       000000
__Hfardata                     fardata      000000
__Hibigdata                    ibigdata     000000
__Hidata                       idata        000000
__HidataCOMRAM                 idataCOMRAM  000000
__Hidloc                       idloc        200008
__Hifardata                    ifardata     000000
__Hinit                        init         0000CA
__Hintcode                     intcode      00000E
__Hintcode_body                intcode_body 000000
__Hintcodelo                   intcodelo    0000C6
__Hintentry                    intentry     000000
__Hintret                      intret       000000
__Hintsave_regs                intsave_regs 000000
__Hirdata                      irdata       000000
__Hmediumconst                 mediumconst  000000
__HnvFARRAM                    nvFARRAM     000000
__Hnvbit                       nvbit        000000
__Hnvrram                      nvrram       000000
__Hparam                       rparam       000000
__Hpowerup                     powerup      0000C6
__Hram                         ram          000000
__Hramtop                      ramtop       000100
__Hrbit                        rbit         000000
__Hrbss                        rbss         000000
__Hrdata                       rdata        000000
__Hreset_vec                   reset_vec    000006
__Hrparam                      rparam       000000
__Hsfr                         sfr          000000
__Hsmallconst                  smallconst   0001E4
__Hspace_0                     (abs)        30000E
__Hspace_1                     (abs)        0000E5
__Hspace_2                     (abs)        000000
__Hstack                       stack        000000
__Hstruct                      struct       000000
__Htemp                        temp         000061
__Htext                        text         000000
__Htext0                       text0        000000
__Htext1                       text1        000000
__Htext10                      text10       000000
__Htext11                      text11       000000
__Htext12                      text12       000000
__Htext13                      text13       000000
__Htext14                      text14       000000
__Htext2                       text2        000000
__Htext3                       text3        000000
__Htext4                       text4        000000
__Htext5                       text5        000000
__Htext8                       text8        000000
__Htext9                       text9        000000
__LRAM                         (abs)        000001
__Labs1                        abs1         000000
__Lbank0                       bank0        000000
__Lbigbss                      bigbss       000000
__Lbigdata                     bigdata      000000
__Lbigram                      bigram       000000
__Lbss                         bss          000000
__LbssBANK0                    bssBANK0     000000
__LbssCOMRAM                   bssCOMRAM    000000
__Lcinit                       cinit        000000
__Lclrtext                     clrtext      000000
__Lcomram                      comram       000000
__Lconfig                      config       300000
__Lconst                       const        000000
__LcstackBANK0                 cstackBANK0  000000
__LcstackCOMRAM                cstackCOMRAM 000000
__Ldata                        data         000000
__LdataCOMRAM                  dataCOMRAM   000000
__Leeprom_data                 eeprom_data  000000
__Lfarbss                      farbss       000000
__Lfardata                     fardata      000000
__Libigdata                    ibigdata     000000
__Lidata                       idata        000000
__LidataCOMRAM                 idataCOMRAM  000000
__Lidloc                       idloc        200000
__Lifardata                    ifardata     000000
__Linit                        init         0000C6
__Lintcode                     intcode      000008
__Lintcode_body                intcode_body 000000
__Lintcodelo                   intcodelo    000018
__Lintentry                    intentry     000000
__Lintret                      intret       000000
__Lintsave_regs                intsave_regs 000000
__Lirdata                      irdata       000000
__Lmediumconst                 mediumconst  000000
__LnvFARRAM                    nvFARRAM     000000
__Lnvbit                       nvbit        000000
__Lnvrram                      nvrram       000000
__Lparam                       rparam       000000
__Lpowerup                     powerup      0000C6
__Lram                         ram          000000
__Lramtop                      ramtop       000100
__Lrbit                        rbit         000000
__Lrbss                        rbss         000000
__Lrdata                       rdata        000000
__Lreset_vec                   reset_vec    000000
__Lrparam                      rparam       000000
__Lsfr                         sfr          000000
__Lsmallconst                  smallconst   000100
__Lspace_0                     (abs)        000000
__Lspace_1                     (abs)        000000
__Lspace_2                     (abs)        000000
__Lstack                       stack        000000
__Lstruct                      struct       000000
__Ltemp                        temp         000060
__Ltext                        text         000000
__Ltext0                       text0        000000
__Ltext1                       text1        000000
__Ltext10                      text10       000000
__Ltext11                      text11       000000
__Ltext12                      text12       000000
__Ltext13                      text13       000000
__Ltext14                      text14       000000
__Ltext2                       text2        000000
__Ltext3                       text3        000000
__Ltext4                       text4        000000
__Ltext5                       text5        000000
__Ltext8                       text8        000000
__Ltext9                       text9        000000
__S0                           (abs)        30000E
__S1                           (abs)        0000E5
__S2                           (abs)        000000
___inthi_sp                    stack        000000
___intlo_sp                    stack        000000
___lwdiv                       text13       0008B6
___lwdiv@counter               cstackCOMRAM 000041
___lwdiv@dividend              cstackCOMRAM 00003B
___lwdiv@divisor               cstackCOMRAM 00003D
___lwdiv@quotient              cstackCOMRAM 00003F
___lwmod                       text12       00094E
___lwmod@counter               cstackCOMRAM 000046
___lwmod@dividend              cstackCOMRAM 000042
___lwmod@divisor               cstackCOMRAM 000044
___param_bank                  (abs)        000000
___rparam_used                 (abs)        000001
___sp                          stack        000000
__accesstop                    (abs)        000080
__activetblptr                 (abs)        000002
__end_of___lwdiv               text13       000908
__end_of___lwmod               text12       000990
__end_of__initialization       cinit        000A42
__end_of_flush_uart            text4        000B1E
__end_of_handle_uart           text5        00094E
__end_of_handle_uart_rx        text14       0009D2
__end_of_hex_table             smallconst   000111
__end_of_init_uart             text3        000AFA
__end_of_isr                   intcode_body 000748
__end_of_isr1                  intcodelo    0000C6
__end_of_main                  text0        0008B6
__end_of_print_byte            text2        000A12
__end_of_print_number          text9        000B0E
__end_of_print_number_nospace  text10       000842
__end_of_print_text            text1        000ABA
__end_ofi2_print_byte          text11       000A8E
__end_ofi2_print_text          text8        000AE4
__initialization               cinit        000A12
__mediumconst                  mediumconst  000000
__pbssBANK0                    bssBANK0     000080
__pbssCOMRAM                   bssCOMRAM    000001
__pcinit                       cinit        000A12
__pcstackBANK0                 cstackBANK0  0000C8
__pcstackCOMRAM                cstackCOMRAM 00003B
__pdataCOMRAM                  dataCOMRAM   00005E
__pidataCOMRAM                 idataCOMRAM  000B1E
__pintcode                     intcode      000008
__pintcode_body                intcode_body 0001E4
__pintcodelo                   intcodelo    000018
__psmallconst                  smallconst   000100
__ptext0                       text0        000842
__ptext1                       text1        000A8E
__ptext10                      text10       000748
__ptext11                      text11       000A50
__ptext12                      text12       00094E
__ptext13                      text13       0008B6
__ptext14                      text14       000990
__ptext2                       text2        0009D2
__ptext3                       text3        000AE4
__ptext4                       text4        000B0E
__ptext5                       text5        000908
__ptext8                       text8        000ABA
__ptext9                       text9        000AFA
__ramtop                       ramtop       000100
__size_of___lwdiv              (abs)        000000
__size_of___lwmod              (abs)        000000
__size_of_flush_uart           (abs)        000000
__size_of_handle_uart          (abs)        000000
__size_of_handle_uart_rx       (abs)        000000
__size_of_init_uart            (abs)        000000
__size_of_isr                  (abs)        000000
__size_of_isr1                 (abs)        000000
__size_of_main                 (abs)        000000
__size_of_print_byte           (abs)        000000
__size_of_print_number         (abs)        000000
__size_of_print_number_nospace (abs)        000000
__size_of_print_text           (abs)        000000
__size_ofi2_print_byte         (abs)        000000
__size_ofi2_print_text         (abs)        000000
__smallconst                   smallconst   000100
_analog_accum                  bssCOMRAM    000036
_analog_counter                bssCOMRAM    000034
_analog_timer                  bssCOMRAM    000032
_flags                         bssCOMRAM    00003A
_flush_uart                    text4        000B0E
_handle_uart                   text5        000908
_handle_uart_rx                text14       000990
_hex_table                     smallconst   000101
_init_delay                    dataCOMRAM   00005E
_init_uart                     text3        000AE4
_isr                           intcode      000008
_isr1                          intcodelo    000018
_led0                          bssCOMRAM    000030
_led0_counter                  bssCOMRAM    00002A
_led1                          bssCOMRAM    00002E
_led1_counter                  bssCOMRAM    000028
_led2                          bssCOMRAM    00002C
_led2_counter                  bssCOMRAM    000026
_main                          text0        000842
_mist                          bssCOMRAM    000001
_print_byte                    text2        0009D2
_print_number                  text9        000AFA
_print_number_nospace          text10       000748
_print_text                    text1        000A8E
_serial_in_buffer              bssBANK0     0000C0
_serial_in_count               bssCOMRAM    000020
_serial_in_ptr                 bssCOMRAM    00001E
_serial_out_buffer             bssBANK0     000080
_serial_out_count              bssCOMRAM    00001A
_serial_out_ptr                bssCOMRAM    000018
_serial_out_ptr2               bssCOMRAM    000016
_tick                          bssCOMRAM    000038
_water_high_counter            bssCOMRAM    000022
_water_low_counter             bssCOMRAM    000024
btemp                          temp         000060
end_of_initialization          cinit        000A42
handle_uart_rx@c               cstackCOMRAM 00003B
i2_print_byte                  text11       000A50
i2_print_text                  text8        000ABA
i2print_byte@c                 cstackCOMRAM 00003B
i2print_text@s                 cstackCOMRAM 00003C
int$flags                      temp         000060
int_func                       intcode_body 0001E4
intlevel0                      text         000000
intlevel1                      text         000000
intlevel2                      text         000000
intlevel3                      text         000000
isr@code                       cstackCOMRAM 00005D
print_byte@c                   cstackBANK0  0000DD
print_number@number            cstackCOMRAM 000049
print_number_nospace@number    cstackCOMRAM 000047
print_text@s                   cstackBANK0  0000DE
stackhi                        (abs)        0000FF
stacklo                        (abs)        0000E5
start                          init         0000C6
start_initialization           cinit        000A12
wtemp6                         temp         000061


FUNCTION INFORMATION:

 *************** function _main *****************
 Defined at:
		line 500 in file "main.c"
 Parameters:    Size  Location     Type
  argc            2   24[BANK0 ] int 
  argv            3   26[BANK0 ] PTR PTR unsigned char 
 Auto vars:     Size  Location     Type
		None
 Return value:  Size  Location     Type
                  2   24[BANK0 ] int 
 Registers used:
		wreg, fsr2l, fsr2h, status,2, status,0, tblptrl, tblptrh, tblptru, cstack
 Tracked objects:
		On entry : 
		On exit  : 
		Unchanged: 
 Data sizes:     COMRAM   BANK0
      Params:         0       5
      Locals:         0       0
      Temps:          0       0
      Totals:         0       5
Total ram usage:        5 bytes
 Hardware stack levels required when called:    7
 This function calls:
		_flush_uart
		_handle_uart
		_init_uart
		_print_text
 This function is called by:
		Startup code after reset
 This function uses a non-reentrant model


 *************** function _print_text *****************
 Defined at:
		line 447 in file "main.c"
 Parameters:    Size  Location     Type
  s               2   22[BANK0 ] PTR const unsigned char 
		 -> STR_17(16), STR_16(10), STR_15(11), STR_14(15), 
		 -> STR_13(16), STR_12(10), STR_11(11), STR_10(15), 
		 -> STR_9(16), STR_8(10), STR_7(11), STR_6(15), 
		 -> STR_5(11), STR_4(12), STR_3(2), STR_2(9), 
		 -> STR_1(21), 
 Auto vars:     Size  Location     Type
		None
 Return value:  Size  Location     Type
                  1    wreg      void 
 Registers used:
		wreg, fsr2l, fsr2h, status,2, status,0, tblptrl, tblptrh, tblptru, cstack
 Tracked objects:
		On entry : 
		On exit  : 
		Unchanged: 
 Data sizes:     COMRAM   BANK0
      Params:         0       2
      Locals:         0       0
      Temps:          0       0
      Totals:         0       2
Total ram usage:        2 bytes
 Hardware stack levels used:    1
 Hardware stack levels required when called:    6
 This function calls:
		_print_byte
 This function is called by:
		_main
 This function uses a non-reentrant model


 *************** function _print_byte *****************
 Defined at:
		line 434 in file "main.c"
 Parameters:    Size  Location     Type
  c               1    wreg     unsigned char 
 Auto vars:     Size  Location     Type
  c               1   21[BANK0 ] unsigned char 
 Return value:  Size  Location     Type
                  1    wreg      void 
 Registers used:
		wreg, fsr2l, fsr2h, status,2, status,0
 Tracked objects:
		On entry : 
		On exit  : 
		Unchanged: 
 Data sizes:     COMRAM   BANK0
      Params:         0       0
      Locals:         0       1
      Temps:          0       0
      Totals:         0       1
Total ram usage:        1 bytes
 Hardware stack levels used:    1
 Hardware stack levels required when called:    5
 This function calls:
		Nothing
 This function is called by:
		_print_text
		_print_hex2
		_print_bin
 This function uses a non-reentrant model


 *************** function _init_uart *****************
 Defined at:
		line 375 in file "main.c"
 Parameters:    Size  Location     Type
		None
 Auto vars:     Size  Location     Type
		None
 Return value:  Size  Location     Type
                  1    wreg      void 
 Registers used:
		wreg, status,2
 Tracked objects:
		On entry : 
		On exit  : 
		Unchanged: 
 Data sizes:     COMRAM   BANK0
      Params:         0       0
      Locals:         0       0
      Temps:          0       0
      Totals:         0       0
Total ram usage:        0 bytes
 Hardware stack levels used:    1
 Hardware stack levels required when called:    5
 This function calls:
		Nothing
 This function is called by:
		_main
 This function uses a non-reentrant model


 *************** function _flush_uart *****************
 Defined at:
		line 425 in file "main.c"
 Parameters:    Size  Location     Type
		None
 Auto vars:     Size  Location     Type
		None
 Return value:  Size  Location     Type
                  1    wreg      void 
 Registers used:
		wreg, fsr2l, fsr2h, status,2, status,0, cstack
 Tracked objects:
		On entry : 
		On exit  : 
		Unchanged: 
 Data sizes:     COMRAM   BANK0
      Params:         0       0
      Locals:         0       0
      Temps:          0       0
      Totals:         0       0
Total ram usage:        0 bytes
 Hardware stack levels used:    1
 Hardware stack levels required when called:    6
 This function calls:
		_handle_uart
 This function is called by:
		_main
 This function uses a non-reentrant model


 *************** function _handle_uart *****************
 Defined at:
		line 401 in file "main.c"
 Parameters:    Size  Location     Type
		None
 Auto vars:     Size  Location     Type
		None
 Return value:  Size  Location     Type
                  1    wreg      void 
 Registers used:
		wreg, fsr2l, fsr2h, status,2, status,0
 Tracked objects:
		On entry : 
		On exit  : 
		Unchanged: 
 Data sizes:     COMRAM   BANK0
      Params:         0       0
      Locals:         0       0
      Temps:          0       0
      Totals:         0       0
Total ram usage:        0 bytes
 Hardware stack levels used:    1
 Hardware stack levels required when called:    5
 This function calls:
		Nothing
 This function is called by:
		_flush_uart
		_main
 This function uses a non-reentrant model


 *************** function _isr1 *****************
 Defined at:
		line 599 in file "main.c"
 Parameters:    Size  Location     Type
		None
 Auto vars:     Size  Location     Type
		None
 Return value:  Size  Location     Type
                  1    wreg      void 
 Registers used:
		None
 Tracked objects:
		On entry : 
		On exit  : 
		Unchanged: 
 Data sizes:     COMRAM   BANK0
      Params:         0       0
      Locals:         0       0
      Temps:          0      21
      Totals:         0      21
Total ram usage:       21 bytes
 Hardware stack levels used:    1
 Hardware stack levels required when called:    4
 This function calls:
		Nothing
 This function is called by:
		Interrupt level 1
 This function uses a non-reentrant model


 *************** function _isr *****************
 Defined at:
		line 603 in file "main.c"
 Parameters:    Size  Location     Type
		None
 Auto vars:     Size  Location     Type
  code            1   34[COMRAM] unsigned char 
 Return value:  Size  Location     Type
                  1    wreg      void 
 Registers used:
		wreg, fsr2l, fsr2h, status,2, status,0, tblptrl, tblptrh, tblptru, cstack
 Tracked objects:
		On entry : 
		On exit  : 
		Unchanged: 
 Data sizes:     COMRAM   BANK0
      Params:         0       0
      Locals:         1       0
      Temps:         18       0
      Totals:        19       0
Total ram usage:       19 bytes
 Hardware stack levels used:    1
 Hardware stack levels required when called:    3
 This function calls:
		___lwdiv
		_handle_uart_rx
		_print_number
		i2_print_text
 This function is called by:
		Interrupt level 2
 This function uses a non-reentrant model


 *************** function i2_print_text *****************
 Defined at:
		line 447 in file "main.c"
 Parameters:    Size  Location     Type
  s               2    1[COMRAM] PTR const unsigned char 
		 -> STR_17(16), STR_16(10), STR_15(11), STR_14(15), 
		 -> STR_13(16), STR_12(10), STR_11(11), STR_10(15), 
		 -> STR_9(16), STR_8(10), STR_7(11), STR_6(15), 
		 -> STR_5(11), STR_4(12), STR_3(2), STR_2(9), 
		 -> STR_1(21), 
 Auto vars:     Size  Location     Type
		None
 Return value:  Size  Location     Type
                  1    wreg      void 
 Registers used:
		wreg, fsr2l, fsr2h, status,2, status,0, tblptrl, tblptrh, tblptru, cstack
 Tracked objects:
		On entry : 
		On exit  : 
		Unchanged: 
 Data sizes:     COMRAM   BANK0
      Params:         2       0
      Locals:         0       0
      Temps:          0       0
      Totals:         2       0
Total ram usage:        2 bytes
 Hardware stack levels used:    1
 Hardware stack levels required when called:    1
 This function calls:
		i2_print_byte
 This function is called by:
		_isr
 This function uses a non-reentrant model


 *************** function _print_number *****************
 Defined at:
		line 465 in file "main.c"
 Parameters:    Size  Location     Type
  number          2   14[COMRAM] unsigned int 
 Auto vars:     Size  Location     Type
		None
 Return value:  Size  Location     Type
                  1    wreg      void 
 Registers used:
		wreg, fsr2l, fsr2h, status,2, status,0, cstack
 Tracked objects:
		On entry : 
		On exit  : 
		Unchanged: 
 Data sizes:     COMRAM   BANK0
      Params:         2       0
      Locals:         0       0
      Temps:          0       0
      Totals:         2       0
Total ram usage:        2 bytes
 Hardware stack levels used:    1
 Hardware stack levels required when called:    2
 This function calls:
		_print_number_nospace
		i2_print_byte
 This function is called by:
		_isr
 This function uses a non-reentrant model


 *************** function _print_number_nospace *****************
 Defined at:
		line 456 in file "main.c"
 Parameters:    Size  Location     Type
  number          2   12[COMRAM] unsigned int 
 Auto vars:     Size  Location     Type
		None
 Return value:  Size  Location     Type
                  1    wreg      void 
 Registers used:
		wreg, fsr2l, fsr2h, status,2, status,0, cstack
 Tracked objects:
		On entry : 
		On exit  : 
		Unchanged: 
 Data sizes:     COMRAM   BANK0
      Params:         2       0
      Locals:         0       0
      Temps:          0       0
      Totals:         2       0
Total ram usage:        2 bytes
 Hardware stack levels used:    1
 Hardware stack levels required when called:    1
 This function calls:
		___lwdiv
		___lwmod
		i2_print_byte
 This function is called by:
		_print_number
 This function uses a non-reentrant model


 *************** function i2_print_byte *****************
 Defined at:
		line 434 in file "main.c"
 Parameters:    Size  Location     Type
  c               1    wreg     unsigned char 
 Auto vars:     Size  Location     Type
  c               1    0[COMRAM] unsigned char 
 Return value:  Size  Location     Type
                  1    wreg      void 
 Registers used:
		wreg, fsr2l, fsr2h, status,2, status,0
 Tracked objects:
		On entry : 
		On exit  : 
		Unchanged: 
 Data sizes:     COMRAM   BANK0
      Params:         0       0
      Locals:         1       0
      Temps:          0       0
      Totals:         1       0
Total ram usage:        1 bytes
 Hardware stack levels used:    1
 This function calls:
		Nothing
 This function is called by:
		_print_number_nospace
		_print_number
		i2_print_text
 This function uses a non-reentrant model


 *************** function ___lwmod *****************
 Defined at:
		line 8 in file "/opt/microchip/xc8/v1.45/sources/common/lwmod.c"
 Parameters:    Size  Location     Type
  dividend        2    7[COMRAM] unsigned int 
  divisor         2    9[COMRAM] unsigned int 
 Auto vars:     Size  Location     Type
  counter         1   11[COMRAM] unsigned char 
 Return value:  Size  Location     Type
                  2    7[COMRAM] unsigned int 
 Registers used:
		wreg, status,2, status,0
 Tracked objects:
		On entry : 
		On exit  : 
		Unchanged: 
 Data sizes:     COMRAM   BANK0
      Params:         4       0
      Locals:         1       0
      Temps:          0       0
      Totals:         5       0
Total ram usage:        5 bytes
 Hardware stack levels used:    1
 This function calls:
		Nothing
 This function is called by:
		_print_number_nospace
 This function uses a non-reentrant model


 *************** function ___lwdiv *****************
 Defined at:
		line 8 in file "/opt/microchip/xc8/v1.45/sources/common/lwdiv.c"
 Parameters:    Size  Location     Type
  dividend        2    0[COMRAM] unsigned int 
  divisor         2    2[COMRAM] unsigned int 
 Auto vars:     Size  Location     Type
  quotient        2    4[COMRAM] unsigned int 
  counter         1    6[COMRAM] unsigned char 
 Return value:  Size  Location     Type
                  2    0[COMRAM] unsigned int 
 Registers used:
		wreg, status,2, status,0
 Tracked objects:
		On entry : 
		On exit  : 
		Unchanged: 
 Data sizes:     COMRAM   BANK0
      Params:         4       0
      Locals:         3       0
      Temps:          0       0
      Totals:         7       0
Total ram usage:        7 bytes
 Hardware stack levels used:    1
 This function calls:
		Nothing
 This function is called by:
		_print_number_nospace
		_isr
 This function uses a non-reentrant model


 *************** function _handle_uart_rx *****************
 Defined at:
		line 385 in file "main.c"
 Parameters:    Size  Location     Type
		None
 Auto vars:     Size  Location     Type
  c               1    0[COMRAM] unsigned char 
 Return value:  Size  Location     Type
                  1    wreg      void 
 Registers used:
		wreg, fsr2l, fsr2h, status,2, status,0
 Tracked objects:
		On entry : 
		On exit  : 
		Unchanged: 
 Data sizes:     COMRAM   BANK0
      Params:         0       0
      Locals:         1       0
      Temps:          0       0
      Totals:         1       0
Total ram usage:        1 bytes
 Hardware stack levels used:    1
 This function calls:
		Nothing
 This function is called by:
		_isr
 This function uses a non-reentrant model



MODULE INFORMATION

Module		Function		Class		Link	Load	Size
/opt/microchip/xc8/v1.45/sources/common/lwmod.c
		___lwmod       		CODE           	094E	0000	67

/opt/microchip/xc8/v1.45/sources/common/lwmod.c estimated size: 67

shared
		i2_print_byte  		CODE           	0A50	0000	63
		i2_print_text  		CODE           	0ABA	0000	43
		_hex_table     		SMALLCONST     	0101	0000	17
		__initialization		CODE           	0A12	0000	49

shared estimated size: 172

/opt/microchip/xc8/v1.45/sources/common/lwdiv.c
		___lwdiv       		CODE           	08B6	0000	83

/opt/microchip/xc8/v1.45/sources/common/lwdiv.c estimated size: 83

main.c
		_print_number  		CODE           	0AFA	0000	21
		_print_text    		CODE           	0A8E	0000	45
		_main          		CODE           	0842	0000	117
		_handle_uart   		CODE           	0908	0000	71
		_init_uart     		CODE           	0AE4	0000	23
		_print_number_nospace		CODE           	0748	0000	251
		_flush_uart    		CODE           	0B0E	0000	17
		_isr           		CODE           	0008	0000	1387
		_handle_uart_rx		CODE           	0990	0000	67
		_print_byte    		CODE           	09D2	0000	65
		_isr1          		CODE           	0018	0000	175

main.c estimated size: 2239

